<?xml version="1.0" encoding="utf-8"?><testsuites><testsuite name="pytest" errors="0" failures="0" skipped="0" tests="7" time="0.235" timestamp="2025-03-20T11:42:41.537751+01:00" hostname="NB5540"><testcase classname="tests.wrapper_test" name="test_wrapper_initialization" file="tests/wrapper_test.py" line="18" time="0.003" /><testcase classname="tests.wrapper_test" name="test_texture_endpoint_missing_parameters" file="tests/wrapper_test.py" line="27" time="0.008" /><testcase classname="tests.wrapper_test" name="test_texture_endpoint_workflow_error" file="tests/wrapper_test.py" line="34" time="0.003" /><testcase classname="tests.wrapper_test" name="test_process_prompt_execution_error" file="tests/wrapper_test.py" line="45" time="0.016" /><testcase classname="tests.wrapper_test" name="test_download_files_error" file="tests/wrapper_test.py" line="66" time="0.003" /><testcase classname="tests.wrapper_test" name="test_run_method" file="tests/wrapper_test.py" line="80" time="0.003" /><testcase classname="tests.wrapper_test" name="test_cleanup" file="tests/wrapper_test.py" line="88" time="0.003" /></testsuite></testsuites>